GNU gdb (GDB) 7.6.1
Copyright (C) 2013 Free Software Foundation, Inc.
License GPLv3+: GNU GPL version 3 or later <http://gnu.org/licenses/gpl.html>
This is free software: you are free to change and redistribute it.
There is NO WARRANTY, to the extent permitted by law.  Type "show copying"
and "show warranty" for details.
This GDB was configured as "mingw32".
For bug reporting instructions, please see:
<http://www.gnu.org/software/gdb/bugs/>...
Reading symbols from C:\Users\Amogh\PSC\c-activity-sets\set01\problem09.exe...done.
(gdb) b main
Breakpoint 1 at 0x40146e: file problem09.c, line 10.
(gdb) r
Starting program: C:\Users\Amogh\PSC\c-activity-sets\set01/.\problem09.exe
[New Thread 6784.0x310c]
[New Thread 6784.0x5150]

Breakpoint 1, main () at problem09.c:10
warning: Source file is more recent than executable.
10          number = input();
(gdb) n
Enter number: 3
11          result = square_root(number);
(gdb) n
12          output(number, result);
(gdb) n

Square root of 3.0 is 1.7
14          return 0;
(gdb) n
15      }
(gdb) q
A debugging session is active.

        Inferior 1 [process 6784] will be killed.

Quit anyway? (y or n) y
error return ../../gdb-7.6.1/gdb/windows-nat.c:1275 was 5
PS C:\Users\Amogh\PSC\c-activity-sets\set01> 